Traceback (most recent call last):
  File "D:\miniforge3\envs\evalhyd-vigicrues-dev\Lib\site-packages\jupyter_core\utils\__init__.py", line 154, in wrapped
    asyncio.get_running_loop()
RuntimeError: no running event loop

During handling of the above exception, another exception occurred:

Traceback (most recent call last):
  File "D:\miniforge3\envs\evalhyd-vigicrues-dev\Lib\site-packages\jupyter_cache\executors\utils.py", line 58, in single_nb_execution
    executenb(
  File "D:\miniforge3\envs\evalhyd-vigicrues-dev\Lib\site-packages\nbclient\client.py", line 1319, in execute
    return NotebookClient(nb=nb, resources=resources, km=km, **kwargs).execute()
           ^^^^^^^^^^^^^^^^^^^^^^^^^^^^^^^^^^^^^^^^^^^^^^^^^^^^^^^^^^^^^^^^^^^^^
  File "D:\miniforge3\envs\evalhyd-vigicrues-dev\Lib\site-packages\jupyter_core\utils\__init__.py", line 158, in wrapped
    return loop.run_until_complete(inner)
           ^^^^^^^^^^^^^^^^^^^^^^^^^^^^^^
  File "D:\miniforge3\envs\evalhyd-vigicrues-dev\Lib\asyncio\base_events.py", line 691, in run_until_complete
    return future.result()
           ^^^^^^^^^^^^^^^
  File "D:\miniforge3\envs\evalhyd-vigicrues-dev\Lib\site-packages\nbclient\client.py", line 709, in async_execute
    await self.async_execute_cell(
  File "D:\miniforge3\envs\evalhyd-vigicrues-dev\Lib\site-packages\nbclient\client.py", line 1062, in async_execute_cell
    await self._check_raise_for_error(cell, cell_index, exec_reply)
  File "D:\miniforge3\envs\evalhyd-vigicrues-dev\Lib\site-packages\nbclient\client.py", line 918, in _check_raise_for_error
    raise CellExecutionError.from_cell_and_msg(cell, exec_reply_content)
nbclient.exceptions.CellExecutionError: An error occurred while executing the following cell:
------------------
df_prd = read_prd_from_xml_sandre(
    ['tutoriel/data/prd/Prev_E_20190103_0819_20190103_0913.xml'], seek_issue_date=False
)
------------------


[31m---------------------------------------------------------------------------[39m
[31mVersionError[39m                              Traceback (most recent call last)
[36mCell[39m[36m [39m[32mIn[11][39m[32m, line 1[39m
[32m----> [39m[32m1[39m df_prd = [43mread_prd_from_xml_sandre[49m[43m([49m
[32m      2[39m [43m    [49m[43m[[49m[33;43m'[39;49m[33;43mtutoriel/data/prd/Prev_E_20190103_0819_20190103_0913.xml[39;49m[33;43m'[39;49m[43m][49m[43m,[49m[43m [49m[43mseek_issue_date[49m[43m=[49m[38;5;28;43;01mFalse[39;49;00m
[32m      3[39m [43m)[49m

[36mFile [39m[32mD:\miniforge3\envs\evalhyd-vigicrues-dev\Lib\site-packages\evalhyd\vigicrues\read\xml.py:62[39m, in [36mread_prd_from_xml_sandre[39m[34m(xml_files, seek_issue_date)[39m
[32m     58[39m df2 = [38;5;28;01mNone[39;00m
[32m     60[39m [38;5;28;01mfor[39;00m xml_file [38;5;129;01min[39;00m xml_files:
[32m     61[39m     [38;5;66;03m# read in XML Sandre file with `libhydro`[39;00m
[32m---> [39m[32m62[39m     d = [43mMessage[49m[43m.[49m[43mfrom_file[49m[43m([49m[43mxml_file[49m[43m)[49m
[32m     64[39m     [38;5;28;01mif[39;00m [38;5;129;01mnot[39;00m d.simulations:
[32m     65[39m         [38;5;28;01mraise[39;00m [38;5;167;01mRuntimeError[39;00m(
[32m     66[39m             [33mf[39m[33m"[39m[33mLe fichier [39m[38;5;132;01m{[39;00mxml_file[38;5;132;01m}[39;00m[33m ne contient [39m[33m"[39m
[32m     67[39m             [33mf[39m[33m"[39m[33mpas de series de simulations[39m[33m"[39m
[32m     68[39m         )

[36mFile [39m[32mD:\miniforge3\envs\evalhyd-vigicrues-dev\Lib\site-packages\libhydro\conv\xml\_xml.py:200[39m, in [36mMessage.from_file[39m[34m(src, ordered)[39m
[32m    187[39m [38;5;129m@staticmethod[39m
[32m    188[39m [38;5;28;01mdef[39;00m[38;5;250m [39m[34mfrom_file[39m(src, ordered=[38;5;28;01mFalse[39;00m):
[32m    189[39m [38;5;250m    [39m[33;03m"""Parse le fichier src et retourne un xml.Message.[39;00m
[32m    190[39m 
[32m    191[39m [33;03m    Supprime les eventuels namespaces.[39;00m
[32m   (...)[39m[32m    198[39m 
[32m    199[39m [33;03m    """[39;00m
[32m--> [39m[32m200[39m     [38;5;28;01mreturn[39;00m Message(**[43m_xml_parser[49m[43m.[49m[43mparse_xml_file[49m[43m([49m[43msrc[49m[43m)[49m)

[36mFile [39m[32mD:\miniforge3\envs\evalhyd-vigicrues-dev\Lib\site-packages\libhydro\conv\xml\xml_parser.py:28[39m, in [36mparse_xml_file[39m[34m(src)[39m
[32m     25[39m parser = _etree.XMLParser(
[32m     26[39m     remove_blank_text=[38;5;28;01mTrue[39;00m, remove_comments=[38;5;28;01mTrue[39;00m, ns_clean=[38;5;28;01mTrue[39;00m)
[32m     27[39m tree = _etree.parse(src, parser=parser)
[32m---> [39m[32m28[39m [38;5;28;01mreturn[39;00m [43m_parse_tree[49m[43m([49m[43mtree[49m[43m)[49m

[36mFile [39m[32mD:\miniforge3\envs\evalhyd-vigicrues-dev\Lib\site-packages\libhydro\conv\xml\xml_parser.py:35[39m, in [36m_parse_tree[39m[34m(tree)[39m
[32m     33[39m _xml.remove_namespaces(tree)
[32m     34[39m node = XMLNode(tree)
[32m---> [39m[32m35[39m [38;5;28;01mreturn[39;00m [43m_parser[49m[43m.[49m[43mparse[49m[43m([49m[43mnode[49m[43m)[49m

[36mFile [39m[32mD:\miniforge3\envs\evalhyd-vigicrues-dev\Lib\site-packages\libhydro\conv\xml\parser.py:36[39m, in [36mparse[39m[34m(root)[39m
[32m     34[39m [38;5;28;01mdef[39;00m[38;5;250m [39m[34mparse[39m(root):
[32m     35[39m [38;5;250m    [39m[33;03m"""Parse a root Node"""[39;00m
[32m---> [39m[32m36[39m     scenario = [43m_parse_scenario[49m[43m([49m[43mroot[49m[43m.[49m[43msubobj[49m[43m([49m[33;43m'[39;49m[33;43mScenario[39;49m[33;43m'[39;49m[43m)[49m[43m)[49m
[32m     37[39m     refhyd = _parse_refhyd(root)
[32m     38[39m     donnees = _parse_donnees(root)

[36mFile [39m[32mD:\miniforge3\envs\evalhyd-vigicrues-dev\Lib\site-packages\libhydro\conv\xml\parser.py:107[39m, in [36m_parse_scenario[39m[34m(scen)[39m
[32m    105[39m version = scen.value([33m'[39m[33mVersionScenario[39m[33m'[39m)
[32m    106[39m [38;5;28;01mif[39;00m version [38;5;129;01mis[39;00m [38;5;28;01mNone[39;00m [38;5;129;01mor[39;00m version < [33m'[39m[33m2[39m[33m'[39m:
[32m--> [39m[32m107[39m     [38;5;28;01mraise[39;00m VersionError([33m'[39m[33mVersion must be present and higher than 2[39m[33m'[39m)
[32m    108[39m [38;5;66;03m# emetteur pas de contacts si absence de balise CdContact[39;00m
[32m    109[39m emetteur_contacts = [38;5;28;01mNone[39;00m

[31mVersionError[39m: Version must be present and higher than 2

